test_01_success_balance_fee_and_conservation (test_payments.PaymentTests.test_01_success_balance_fee_and_conservation) ... ok
test_02_minimum_amount (test_payments.PaymentTests.test_02_minimum_amount) ... ok
test_03_exact_available_balance (test_payments.PaymentTests.test_03_exact_available_balance) ... ok
test_04_one_minor_unit_over_available (test_payments.PaymentTests.test_04_one_minor_unit_over_available) ... ok
test_05_fee_must_be_affordable (test_payments.PaymentTests.test_05_fee_must_be_affordable) ... ok
test_06_invalid_amount_equivalence_classes (test_payments.PaymentTests.test_06_invalid_amount_equivalence_classes) ... ok
test_07_maximum_amount_is_valid_but_unfunded (test_payments.PaymentTests.test_07_maximum_amount_is_valid_but_unfunded) ... ok
test_08_missing_field (test_payments.PaymentTests.test_08_missing_field) ... ok
test_09_extra_field (test_payments.PaymentTests.test_09_extra_field) ... ok
test_10_wrong_field_type (test_payments.PaymentTests.test_10_wrong_field_type) ... ok
test_11_json_array (test_payments.PaymentTests.test_11_json_array) ... ok
test_12_missing_auth (test_payments.PaymentTests.test_12_missing_auth) ... ok
test_13_invalid_auth (test_payments.PaymentTests.test_13_invalid_auth) ... ok
test_14_source_ownership (test_payments.PaymentTests.test_14_source_ownership) ... ok
test_15_missing_source (test_payments.PaymentTests.test_15_missing_source) ... ok
test_16_missing_destination (test_payments.PaymentTests.test_16_missing_destination) ... ok
test_17_self_transfer (test_payments.PaymentTests.test_17_self_transfer) ... ok
test_18_currency_mismatch (test_payments.PaymentTests.test_18_currency_mismatch) ... ok
test_19_cross_currency_destination (test_payments.PaymentTests.test_19_cross_currency_destination) ... ok
test_20_missing_key (test_payments.PaymentTests.test_20_missing_key) ... ok
test_21_key_boundaries (test_payments.PaymentTests.test_21_key_boundaries) ... ok
test_22_bad_json (test_payments.PaymentTests.test_22_bad_json) ... ok
test_23_wrong_content_type (test_payments.PaymentTests.test_23_wrong_content_type) ... ok
test_24_body_size_limit (test_payments.PaymentTests.test_24_body_size_limit) ... ok
test_25_replay_no_second_debit_or_fee (test_payments.PaymentTests.test_25_replay_no_second_debit_or_fee) ... ok
test_26_conflicting_payload_no_mutation (test_payments.PaymentTests.test_26_conflicting_payload_no_mutation) ... ok
test_27_payment_read_and_access_control (test_payments.PaymentTests.test_27_payment_read_and_access_control) ... ok
test_28_foreign_account_read (test_payments.PaymentTests.test_28_foreign_account_read) ... ok
test_29_missing_payment (test_payments.PaymentTests.test_29_missing_payment) ... ok
test_30_parallel_duplicate_requests (test_payments.PaymentTests.test_30_parallel_duplicate_requests) ... ok
test_31_parallel_unique_requests_no_overdraft (test_payments.PaymentTests.test_31_parallel_unique_requests_no_overdraft) ... ok
test_32_idempotency_keys_scoped_to_actor (test_payments.PaymentTests.test_32_idempotency_keys_scoped_to_actor) ... ok
test_33_rejected_request_does_not_reserve_key (test_payments.PaymentTests.test_33_rejected_request_does_not_reserve_key) ... ok
test_34_replay_after_balance_depleted (test_payments.PaymentTests.test_34_replay_after_balance_depleted) ... ok

----------------------------------------------------------------------
Ran 34 tests in 2.713s

OK
